[poe.trade/index.html]
[backblue.gif]
[fade.gif]
[index.html]
[poe.trade/static/gen/packed.d584bb69.js]
[poe.trade/static/gen/explicit.d4812cc9.js]
[www.google-analytics.com/analytics.js]
[d3pkae9owd2lcf.cloudfront.net/mb105.gz.js]
[poe.trade/html/filter-mods.html]
[poe.trade/html/privacy-policy.html]
[poe.trade/html/tags.html]
[poe.trade/index.html]
[poe.trade/static/fonts/foundation-icons.eot]
[poe.trade/static/fonts/foundation-icons.woff]
[poe.trade/static/fonts/foundation-iconsd41d.eot]
[poe.trade/static/fonts/foundation-icons.ttf]
[poe.trade/static/gen/chosen-sprite.png]
[poe.trade/static/gen/chosen-sprite@2x.png]
[poe.trade/static/sockets/Socket_Link_Horizontal.png]
[poe.trade/static/sockets/Socket_Link_Vertical.png]
[poe.trade/static/sockets/str.png]
[poe.trade/static/sockets/dex.png]
[poe.trade/static/sockets/int.png]
[poe.trade/static/sockets/gen.png]
[poe.trade/static/sockets/a.png]
[poe.trade/static/currency/chromatic.png]
[poe.trade/static/currency/alteration.png]
[poe.trade/static/currency/jewellers.png]
[poe.trade/static/currency/chance.png]
[poe.trade/static/currency/chisel.png]
[poe.trade/static/currency/fusing.png]
[poe.trade/static/currency/alchemy.png]
[poe.trade/static/currency/scouring.png]
[poe.trade/static/currency/blessed.png]
[poe.trade/static/currency/chaos.png]
[poe.trade/static/currency/regret.png]
[poe.trade/static/currency/regal.png]
[poe.trade/static/currency/gcp.png]
[poe.trade/static/currency/divine.png]
[poe.trade/static/currency/exalted.png]
[poe.trade/static/currency/mirror.png]
[poe.trade/static/currency/vaal.png]
[poe.trade/static/currency/coin.png]
[poe.trade/static/currency/silver.png]
[wow.zamimg.com/images/Menu/arrow-up.gif]
[poe.trade/static/gen/packed_dark.2071a872.css]
[poe.trade/html/search1.png]
[poe.trade/html/search2.png]
[poe.trade/html/search3.png]
[poe.trade/html/filter-mods.html]
[poe.trade/html/privacy-policy.html]
[poe.trade/html/public-stash-tabs.html]
[poe.trade/html/tags.html]
[poe.trade/static/fonts/foundation-icons.svg]
[poe.trade/static/gen/chosen-sprite.html]
[poe.trade/static/gen/chosen-sprite@2x.html]
[poe.trade/html/public-stash-tabs.html]
